OUI/MA-L                                                    Organization                                 
company_id                                                  Organization                                 
                                                            Address                                      

E0-43-DB   (hex)		Shenzhen ViewAt Technology Co.,Ltd. 
E043DB     (base 16)		Shenzhen ViewAt Technology Co.,Ltd. 
				9A,Microprofit,6th Gaoxin South Road, High-Tech Industrial Park, Nanshan, Shenzhen, CHINA.
				shenzhen  guangdong  518057
				CN

24-05-F5   (hex)		Integrated Device Technology (Malaysia) Sdn. Bhd.
2405F5     (base 16)		Integrated Device Technology (Malaysia) Sdn. Bhd.
				Phase 3, Bayan Lepas FIZ
				Bayan Lepas  Penang  11900
				MY

3C-D9-2B   (hex)		Hewlett Packard
3CD92B     (base 16)		Hewlett Packard
				11445 Compaq Center Drive
				Houston    77070
				US

9C-8E-99   (hex)		Hewlett Packard
9C8E99     (base 16)		Hewlett Packard
				11445 Compaq Center Drive
				Houston    77070
				US

B4-99-BA   (hex)		Hewlett Packard
B499BA     (base 16)		Hewlett Packard
				11445 Compaq Center Drive
				Houston    77070
				US

1C-C1-DE   (hex)		Hewlett Packard
1CC1DE     (base 16)		Hewlett Packard
				11445 Compaq Center Drive
				Houston    77070
				US

3C-35-56   (hex)		Cognitec Systems GmbH
3C3556     (base 16)		Cognitec Systems GmbH
				Großenhainer Str. 101
				Dresden  Saxony  01127
				DE

00-50-BA   (hex)		D-Link Corporation
0050BA     (base 16)		D-Link Corporation
				2F, NO. 233L-2, PAO-CHIAO RD.
				TAIPEI    0000
				TW

00-17-9A   (hex)		D-Link Corporation
00179A     (base 16)		D-Link Corporation
				No. 289, Sinhu 3rd Rd., Neihu District,
				Taipei    114
				TW

18-62-2C   (hex)		Sagemcom Broadband SAS
18622C     (base 16)		Sagemcom Broadband SAS
				250 route de l'Empereur
				RUEIL MALMAISON CEDEX  Hauts de Seine  92848
				FR

7C-03-D8   (hex)		Sagemcom Broadband SAS
7C03D8     (base 16)		Sagemcom Broadband SAS
				250 route de l'Empereur
				RUEIL MALMAISON CEDEX  Hauts de Seine  92848
				FR

E8-F1-B0   (hex)		Sagemcom Broadband SAS
E8F1B0     (base 16)		Sagemcom Broadband SAS
				250 route de l'Empereur
				RUEIL MALMAISON CEDEX  Hauts de Seine  92848
				FR

00-F8-71   (hex)		DGS Denmark A/S
00F871     (base 16)		DGS Denmark A/S
				Kongebakken 9
				Smørum    2765
				DK

20-BB-76   (hex)		COL GIOVANNI PAOLO SpA
20BB76     (base 16)		COL GIOVANNI PAOLO SpA
				Via F.lli Ceirano n. 20
				Moncalieri  TORINO  10024
				IT

2C-22-8B   (hex)		CTR SRL
2C228B     (base 16)		CTR SRL
				Via Lario 33
				Cantù  Cantù (CO)  22063
				IT

34-8A-AE   (hex)		Sagemcom Broadband SAS
348AAE     (base 16)		Sagemcom Broadband SAS
				250 route de l'Empereur
				RUEIL MALMAISON CEDEX  Hauts de Seine  92848
				FR

